Project migration to XML Schema (XSD) version 134 is completed.
Project migration to XML Schema (XSD) version 135 is completed.
Project migration to XML Schema (XSD) version 136 is completed.
Project migration to XML Schema (XSD) version 137 is completed.
The Plug-in 'Motion' was not found for '\Devices\Default Work Unit\Motion'. Edition and playback won't be available for this object.
'\Devices\Default Work Unit\Motion' uses the audio device plugin 'Motion', which is not installed.
The Plug-in 'Wwise Convolution Reverb' was not found for '\Effects\Factory Altiverb - Outdoor and More\Altiverb - Outdoor and More\Outdoor Alley\Alley_Intimate'. Edition and playback won't be available for this object.
'\Effects\Factory Altiverb - Outdoor and More\Altiverb - Outdoor and More\Outdoor Alley\Alley_Intimate' uses the audio effect plugin 'Wwise Convolution Reverb', which is not installed.
The Plug-in 'Wwise Convolution Reverb' was not found for '\Effects\Factory Altiverb - Outdoor and More\Altiverb - Outdoor and More\Outdoor Alley\LongDeepAlley'. Edition and playback won't be available for this object.
'\Effects\Factory Altiverb - Outdoor and More\Altiverb - Outdoor and More\Outdoor Alley\LongDeepAlley' uses the audio effect plugin 'Wwise Convolution Reverb', which is not installed.
The Plug-in 'Wwise Convolution Reverb' was not found for '\Effects\Factory Altiverb - Outdoor and More\Altiverb - Outdoor and More\Outdoor Alley\NarrowShortAlley'. Edition and playback won't be available for this object.
'\Effects\Factory Altiverb - Outdoor and More\Altiverb - Outdoor and More\Outdoor Alley\NarrowShortAlley' uses the audio effect plugin 'Wwise Convolution Reverb', which is not installed.
The Plug-in 'Wwise Convolution Reverb' was not found for '\Effects\Factory Altiverb - Outdoor and More\Altiverb - Outdoor and More\Outdoor Field\DistantBuilding_MicsClose'. Edition and playback won't be available for this object.
'\Effects\Factory Altiverb - Outdoor and More\Altiverb - Outdoor and More\Outdoor Field\DistantBuilding_MicsClose' uses the audio effect plugin 'Wwise Convolution Reverb', which is not installed.
The Plug-in 'Wwise Convolution Reverb' was not found for '\Effects\Factory Altiverb - Outdoor and More\Altiverb - Outdoor and More\Outdoor Field\DistantBuilding_MicsFar'. Edition and playback won't be available for this object.
'\Effects\Factory Altiverb - Outdoor and More\Altiverb - Outdoor and More\Outdoor Field\DistantBuilding_MicsFar' uses the audio effect plugin 'Wwise Convolution Reverb', which is not installed.
The Plug-in 'Wwise Convolution Reverb' was not found for '\Effects\Factory Altiverb - Outdoor and More\Altiverb - Outdoor and More\Outdoor Forest\ForestAuterlitz_BetweenTrees'. Edition and playback won't be available for this object.
'\Effects\Factory Altiverb - Outdoor and More\Altiverb - Outdoor and More\Outdoor Forest\ForestAuterlitz_BetweenTrees' uses the audio effect plugin 'Wwise Convolution Reverb', which is not installed.
The Plug-in 'Wwise Convolution Reverb' was not found for '\Effects\Factory Altiverb - Outdoor and More\Altiverb - Outdoor and More\Outdoor Forest\ForestAuterlitz_DenseClose'. Edition and playback won't be available for this object.
'\Effects\Factory Altiverb - Outdoor and More\Altiverb - Outdoor and More\Outdoor Forest\ForestAuterlitz_DenseClose' uses the audio effect plugin 'Wwise Convolution Reverb', which is not installed.
The Plug-in 'Wwise Convolution Reverb' was not found for '\Effects\Factory Altiverb - Outdoor and More\Altiverb - Outdoor and More\Outdoor Forest\ForestAuterlitz_DenseFar'. Edition and playback won't be available for this object.
'\Effects\Factory Altiverb - Outdoor and More\Altiverb - Outdoor and More\Outdoor Forest\ForestAuterlitz_DenseFar' uses the audio effect plugin 'Wwise Convolution Reverb', which is not installed.
The Plug-in 'Wwise Convolution Reverb' was not found for '\Effects\Factory Altiverb - Outdoor and More\Altiverb - Outdoor and More\Outdoor Forest\ForestAuterlitz_WideOpen'. Edition and playback won't be available for this object.
'\Effects\Factory Altiverb - Outdoor and More\Altiverb - Outdoor and More\Outdoor Forest\ForestAuterlitz_WideOpen' uses the audio effect plugin 'Wwise Convolution Reverb', which is not installed.
The Plug-in 'Wwise Convolution Reverb' was not found for '\Effects\Factory Altiverb - Outdoor and More\Altiverb - Outdoor and More\Outdoor Tunnel\Tunnel'. Edition and playback won't be available for this object.
'\Effects\Factory Altiverb - Outdoor and More\Altiverb - Outdoor and More\Outdoor Tunnel\Tunnel' uses the audio effect plugin 'Wwise Convolution Reverb', which is not installed.
The Plug-in 'Wwise Convolution Reverb' was not found for '\Effects\Factory Altiverb - Outdoor and More\Altiverb - Outdoor and More\Outdoor Street\CloseEcho'. Edition and playback won't be available for this object.
'\Effects\Factory Altiverb - Outdoor and More\Altiverb - Outdoor and More\Outdoor Street\CloseEcho' uses the audio effect plugin 'Wwise Convolution Reverb', which is not installed.
The Plug-in 'Wwise Convolution Reverb' was not found for '\Effects\Factory Altiverb - Outdoor and More\Altiverb - Outdoor and More\Outdoor Street\ComplexEcho'. Edition and playback won't be available for this object.
'\Effects\Factory Altiverb - Outdoor and More\Altiverb - Outdoor and More\Outdoor Street\ComplexEcho' uses the audio effect plugin 'Wwise Convolution Reverb', which is not installed.
The Plug-in 'Wwise Convolution Reverb' was not found for '\Effects\Factory Altiverb - Outdoor and More\Altiverb - Outdoor and More\Outdoor Street\ComplexDistantEcho'. Edition and playback won't be available for this object.
'\Effects\Factory Altiverb - Outdoor and More\Altiverb - Outdoor and More\Outdoor Street\ComplexDistantEcho' uses the audio effect plugin 'Wwise Convolution Reverb', which is not installed.
The Plug-in 'Wwise Convolution Reverb' was not found for '\Effects\Factory Altiverb - Outdoor and More\Altiverb - Outdoor and More\Outdoor Street\DistantEcho'. Edition and playback won't be available for this object.
'\Effects\Factory Altiverb - Outdoor and More\Altiverb - Outdoor and More\Outdoor Street\DistantEcho' uses the audio effect plugin 'Wwise Convolution Reverb', which is not installed.
The Plug-in 'Wwise Convolution Reverb' was not found for '\Effects\Factory Altiverb - Outdoor and More\Altiverb - Outdoor and More\Outdoor Street\DistantSlaps'. Edition and playback won't be available for this object.
'\Effects\Factory Altiverb - Outdoor and More\Altiverb - Outdoor and More\Outdoor Street\DistantSlaps' uses the audio effect plugin 'Wwise Convolution Reverb', which is not installed.
The Plug-in 'Wwise Convolution Reverb' was not found for '\Effects\Factory Altiverb - Outdoor and More\Altiverb - Outdoor and More\Outdoor Street\EquallySpacedEchoes'. Edition and playback won't be available for this object.
'\Effects\Factory Altiverb - Outdoor and More\Altiverb - Outdoor and More\Outdoor Street\EquallySpacedEchoes' uses the audio effect plugin 'Wwise Convolution Reverb', which is not installed.
The Plug-in 'Wwise Convolution Reverb' was not found for '\Effects\Factory Altiverb - Outdoor and More\Altiverb - Outdoor and More\Outdoor Street\LongAndComplex'. Edition and playback won't be available for this object.
'\Effects\Factory Altiverb - Outdoor and More\Altiverb - Outdoor and More\Outdoor Street\LongAndComplex' uses the audio effect plugin 'Wwise Convolution Reverb', which is not installed.
The Plug-in 'Wwise Convolution Reverb' was not found for '\Effects\Factory Altiverb - Outdoor and More\Altiverb - Outdoor and More\Outdoor Street\LoudEcho'. Edition and playback won't be available for this object.
'\Effects\Factory Altiverb - Outdoor and More\Altiverb - Outdoor and More\Outdoor Street\LoudEcho' uses the audio effect plugin 'Wwise Convolution Reverb', which is not installed.
The Plug-in 'Wwise Convolution Reverb' was not found for '\Effects\Factory Altiverb - Outdoor and More\Altiverb - Outdoor and More\Outdoor Street\LongNoEchoes'. Edition and playback won't be available for this object.
'\Effects\Factory Altiverb - Outdoor and More\Altiverb - Outdoor and More\Outdoor Street\LongNoEchoes' uses the audio effect plugin 'Wwise Convolution Reverb', which is not installed.
The Plug-in 'Wwise Convolution Reverb' was not found for '\Effects\Factory Altiverb - Outdoor and More\Altiverb - Outdoor and More\Outdoor Street\LongSixWideEchoes'. Edition and playback won't be available for this object.
'\Effects\Factory Altiverb - Outdoor and More\Altiverb - Outdoor and More\Outdoor Street\LongSixWideEchoes' uses the audio effect plugin 'Wwise Convolution Reverb', which is not installed.
The Plug-in 'Wwise Convolution Reverb' was not found for '\Effects\Factory Altiverb - Outdoor and More\Altiverb - Outdoor and More\Outdoor Street\OpenThreeEchoes'. Edition and playback won't be available for this object.
'\Effects\Factory Altiverb - Outdoor and More\Altiverb - Outdoor and More\Outdoor Street\OpenThreeEchoes' uses the audio effect plugin 'Wwise Convolution Reverb', which is not installed.
The Plug-in 'Wwise Convolution Reverb' was not found for '\Effects\Factory Altiverb - Outdoor and More\Altiverb - Outdoor and More\Outdoor Street\OpenShortTwoEchoes'. Edition and playback won't be available for this object.
'\Effects\Factory Altiverb - Outdoor and More\Altiverb - Outdoor and More\Outdoor Street\OpenShortTwoEchoes' uses the audio effect plugin 'Wwise Convolution Reverb', which is not installed.
The Plug-in 'Wwise Convolution Reverb' was not found for '\Effects\Factory Altiverb - Outdoor and More\Altiverb - Outdoor and More\Outdoor Street\PheeeewEcho_01'. Edition and playback won't be available for this object.
'\Effects\Factory Altiverb - Outdoor and More\Altiverb - Outdoor and More\Outdoor Street\PheeeewEcho_01' uses the audio effect plugin 'Wwise Convolution Reverb', which is not installed.
The Plug-in 'Wwise Convolution Reverb' was not found for '\Effects\Factory Altiverb - Outdoor and More\Altiverb - Outdoor and More\Outdoor Street\PheeeewEcho_02'. Edition and playback won't be available for this object.
'\Effects\Factory Altiverb - Outdoor and More\Altiverb - Outdoor and More\Outdoor Street\PheeeewEcho_02' uses the audio effect plugin 'Wwise Convolution Reverb', which is not installed.
The Plug-in 'Wwise Convolution Reverb' was not found for '\Effects\Factory Altiverb - Outdoor and More\Altiverb - Outdoor and More\Outdoor Street\SlapsEchoClose'. Edition and playback won't be available for this object.
'\Effects\Factory Altiverb - Outdoor and More\Altiverb - Outdoor and More\Outdoor Street\SlapsEchoClose' uses the audio effect plugin 'Wwise Convolution Reverb', which is not installed.
The Plug-in 'Wwise Convolution Reverb' was not found for '\Effects\Factory Altiverb - Outdoor and More\Altiverb - Outdoor and More\Outdoor Street\SmoothIntimate'. Edition and playback won't be available for this object.
'\Effects\Factory Altiverb - Outdoor and More\Altiverb - Outdoor and More\Outdoor Street\SmoothIntimate' uses the audio effect plugin 'Wwise Convolution Reverb', which is not installed.
The Plug-in 'Wwise Convolution Reverb' was not found for '\Effects\Factory Altiverb - Outdoor and More\Altiverb - Outdoor and More\Outdoor Street\TwoFarBuildings'. Edition and playback won't be available for this object.
'\Effects\Factory Altiverb - Outdoor and More\Altiverb - Outdoor and More\Outdoor Street\TwoFarBuildings' uses the audio effect plugin 'Wwise Convolution Reverb', which is not installed.
The Plug-in 'Wwise Convolution Reverb' was not found for '\Effects\Factory Altiverb - Outdoor and More\Altiverb - Outdoor and More\Outdoor Street\WideEcho'. Edition and playback won't be available for this object.
'\Effects\Factory Altiverb - Outdoor and More\Altiverb - Outdoor and More\Outdoor Street\WideEcho' uses the audio effect plugin 'Wwise Convolution Reverb', which is not installed.
The Plug-in 'Wwise Convolution Reverb' was not found for '\Effects\Factory Altiverb - Outdoor and More\Altiverb - Outdoor and More\Outdoor Street\WideWithCars'. Edition and playback won't be available for this object.
'\Effects\Factory Altiverb - Outdoor and More\Altiverb - Outdoor and More\Outdoor Street\WideWithCars' uses the audio effect plugin 'Wwise Convolution Reverb', which is not installed.
The Plug-in 'Wwise Convolution Reverb' was not found for '\Effects\Factory Altiverb - Outdoor and More\Altiverb - Outdoor and More\Domestic\Attic_01'. Edition and playback won't be available for this object.
'\Effects\Factory Altiverb - Outdoor and More\Altiverb - Outdoor and More\Domestic\Attic_01' uses the audio effect plugin 'Wwise Convolution Reverb', which is not installed.
The Plug-in 'Wwise Convolution Reverb' was not found for '\Effects\Factory Altiverb - Outdoor and More\Altiverb - Outdoor and More\Domestic\Attic_02'. Edition and playback won't be available for this object.
'\Effects\Factory Altiverb - Outdoor and More\Altiverb - Outdoor and More\Domestic\Attic_02' uses the audio effect plugin 'Wwise Convolution Reverb', which is not installed.
The Plug-in 'Wwise Convolution Reverb' was not found for '\Effects\Factory Altiverb - Outdoor and More\Altiverb - Outdoor and More\Domestic\Bathroom'. Edition and playback won't be available for this object.
'\Effects\Factory Altiverb - Outdoor and More\Altiverb - Outdoor and More\Domestic\Bathroom' uses the audio effect plugin 'Wwise Convolution Reverb', which is not installed.
The Plug-in 'Wwise Convolution Reverb' was not found for '\Effects\Factory Altiverb - Outdoor and More\Altiverb - Outdoor and More\Domestic\Bedroom'. Edition and playback won't be available for this object.
'\Effects\Factory Altiverb - Outdoor and More\Altiverb - Outdoor and More\Domestic\Bedroom' uses the audio effect plugin 'Wwise Convolution Reverb', which is not installed.
The Plug-in 'Wwise Convolution Reverb' was not found for '\Effects\Factory Altiverb - Outdoor and More\Altiverb - Outdoor and More\Domestic\Classroom'. Edition and playback won't be available for this object.
'\Effects\Factory Altiverb - Outdoor and More\Altiverb - Outdoor and More\Domestic\Classroom' uses the audio effect plugin 'Wwise Convolution Reverb', which is not installed.
The Plug-in 'Wwise Convolution Reverb' was not found for '\Effects\Factory Altiverb - Outdoor and More\Altiverb - Outdoor and More\Domestic\Corridor'. Edition and playback won't be available for this object.
'\Effects\Factory Altiverb - Outdoor and More\Altiverb - Outdoor and More\Domestic\Corridor' uses the audio effect plugin 'Wwise Convolution Reverb', which is not installed.
The Plug-in 'Wwise Convolution Reverb' was not found for '\Effects\Factory Altiverb - Outdoor and More\Altiverb - Outdoor and More\Domestic\Hallway'. Edition and playback won't be available for this object.
'\Effects\Factory Altiverb - Outdoor and More\Altiverb - Outdoor and More\Domestic\Hallway' uses the audio effect plugin 'Wwise Convolution Reverb', which is not installed.
The Plug-in 'Wwise Convolution Reverb' was not found for '\Effects\Factory Altiverb - Outdoor and More\Altiverb - Outdoor and More\Domestic\LivingRoom_01'. Edition and playback won't be available for this object.
'\Effects\Factory Altiverb - Outdoor and More\Altiverb - Outdoor and More\Domestic\LivingRoom_01' uses the audio effect plugin 'Wwise Convolution Reverb', which is not installed.
The Plug-in 'Wwise Convolution Reverb' was not found for '\Effects\Factory Altiverb - Outdoor and More\Altiverb - Outdoor and More\Domestic\LivingRoom_02'. Edition and playback won't be available for this object.
'\Effects\Factory Altiverb - Outdoor and More\Altiverb - Outdoor and More\Domestic\LivingRoom_02' uses the audio effect plugin 'Wwise Convolution Reverb', which is not installed.
The Plug-in 'Wwise Convolution Reverb' was not found for '\Effects\Factory Altiverb - Outdoor and More\Altiverb - Outdoor and More\Domestic\SchoolHall'. Edition and playback won't be available for this object.
'\Effects\Factory Altiverb - Outdoor and More\Altiverb - Outdoor and More\Domestic\SchoolHall' uses the audio effect plugin 'Wwise Convolution Reverb', which is not installed.
The Plug-in 'Wwise Convolution Reverb' was not found for '\Effects\Factory Altiverb - Outdoor and More\Altiverb - Outdoor and More\Domestic\Staircase'. Edition and playback won't be available for this object.
'\Effects\Factory Altiverb - Outdoor and More\Altiverb - Outdoor and More\Domestic\Staircase' uses the audio effect plugin 'Wwise Convolution Reverb', which is not installed.
The Plug-in 'Wwise Convolution Reverb' was not found for '\Effects\Factory Altiverb - Outdoor and More\Altiverb - Outdoor and More\Misc\FireDepartment'. Edition and playback won't be available for this object.
'\Effects\Factory Altiverb - Outdoor and More\Altiverb - Outdoor and More\Misc\FireDepartment' uses the audio effect plugin 'Wwise Convolution Reverb', which is not installed.
The Plug-in 'Wwise Convolution Reverb' was not found for '\Effects\Factory Altiverb - Outdoor and More\Altiverb - Outdoor and More\Transport\Beetle'. Edition and playback won't be available for this object.
'\Effects\Factory Altiverb - Outdoor and More\Altiverb - Outdoor and More\Transport\Beetle' uses the audio effect plugin 'Wwise Convolution Reverb', which is not installed.
The Plug-in 'Wwise Convolution Reverb' was not found for '\Effects\Factory Altiverb - Outdoor and More\Altiverb - Outdoor and More\Transport\Ford_TransitVanRear'. Edition and playback won't be available for this object.
'\Effects\Factory Altiverb - Outdoor and More\Altiverb - Outdoor and More\Transport\Ford_TransitVanRear' uses the audio effect plugin 'Wwise Convolution Reverb', which is not installed.
The Plug-in 'Wwise Convolution Reverb' was not found for '\Effects\Factory Altiverb - Outdoor and More\Altiverb - Outdoor and More\Transport\Helicopter_Sikorski'. Edition and playback won't be available for this object.
'\Effects\Factory Altiverb - Outdoor and More\Altiverb - Outdoor and More\Transport\Helicopter_Sikorski' uses the audio effect plugin 'Wwise Convolution Reverb', which is not installed.
The Plug-in 'Wwise Convolution Reverb' was not found for '\Effects\Factory Altiverb - Outdoor and More\Altiverb - Outdoor and More\Transport\Honda_Element'. Edition and playback won't be available for this object.
'\Effects\Factory Altiverb - Outdoor and More\Altiverb - Outdoor and More\Transport\Honda_Element' uses the audio effect plugin 'Wwise Convolution Reverb', which is not installed.
The Plug-in 'Wwise Convolution Reverb' was not found for '\Effects\Factory Altiverb - Outdoor and More\Altiverb - Outdoor and More\Transport\Honda_ElementRear'. Edition and playback won't be available for this object.
'\Effects\Factory Altiverb - Outdoor and More\Altiverb - Outdoor and More\Transport\Honda_ElementRear' uses the audio effect plugin 'Wwise Convolution Reverb', which is not installed.
The Plug-in 'Wwise Convolution Reverb' was not found for '\Effects\Factory Altiverb - Outdoor and More\Altiverb - Outdoor and More\Transport\Peugeot_PartnerFront'. Edition and playback won't be available for this object.
'\Effects\Factory Altiverb - Outdoor and More\Altiverb - Outdoor and More\Transport\Peugeot_PartnerFront' uses the audio effect plugin 'Wwise Convolution Reverb', which is not installed.
The Plug-in 'Wwise Convolution Reverb' was not found for '\Effects\Factory Altiverb - Outdoor and More\Altiverb - Outdoor and More\Transport\Peugeot_PartnerBackClosed'. Edition and playback won't be available for this object.
'\Effects\Factory Altiverb - Outdoor and More\Altiverb - Outdoor and More\Transport\Peugeot_PartnerBackClosed' uses the audio effect plugin 'Wwise Convolution Reverb', which is not installed.
The Plug-in 'Wwise Convolution Reverb' was not found for '\Effects\Factory Altiverb - Outdoor and More\Altiverb - Outdoor and More\Transport\Train_BlueAngel'. Edition and playback won't be available for this object.
'\Effects\Factory Altiverb - Outdoor and More\Altiverb - Outdoor and More\Transport\Train_BlueAngel' uses the audio effect plugin 'Wwise Convolution Reverb', which is not installed.
The Plug-in 'Auro Headphone' was not found for '\Effects\Factory Auro Headphone\Dry_AHP'. Edition and playback won't be available for this object.
'\Effects\Factory Auro Headphone\Dry_AHP' uses the audio effect plugin 'Auro Headphone', which is not installed.
The Plug-in 'Auro Headphone' was not found for '\Effects\Factory Auro Headphone\Big_Church_AHP'. Edition and playback won't be available for this object.
'\Effects\Factory Auro Headphone\Big_Church_AHP' uses the audio effect plugin 'Auro Headphone', which is not installed.
The Plug-in 'Auro Headphone' was not found for '\Effects\Factory Auro Headphone\Church_AHP'. Edition and playback won't be available for this object.
'\Effects\Factory Auro Headphone\Church_AHP' uses the audio effect plugin 'Auro Headphone', which is not installed.
The Plug-in 'Auro Headphone' was not found for '\Effects\Factory Auro Headphone\Large_Hall_AHP'. Edition and playback won't be available for this object.
'\Effects\Factory Auro Headphone\Large_Hall_AHP' uses the audio effect plugin 'Auro Headphone', which is not installed.
The Plug-in 'Auro Headphone' was not found for '\Effects\Factory Auro Headphone\Big_Room_AHP'. Edition and playback won't be available for this object.
'\Effects\Factory Auro Headphone\Big_Room_AHP' uses the audio effect plugin 'Auro Headphone', which is not installed.
The Plug-in 'Auro Headphone' was not found for '\Effects\Factory Auro Headphone\Medium_Room_AHP'. Edition and playback won't be available for this object.
'\Effects\Factory Auro Headphone\Medium_Room_AHP' uses the audio effect plugin 'Auro Headphone', which is not installed.
The Plug-in 'Auro Headphone' was not found for '\Effects\Factory Auro Headphone\Small_Room_AHP'. Edition and playback won't be available for this object.
'\Effects\Factory Auro Headphone\Small_Room_AHP' uses the audio effect plugin 'Auro Headphone', which is not installed.
The Plug-in 'Auro Headphone' was not found for '\Effects\Factory Auro Headphone\Smal_Reflection_Room_AHP'. Edition and playback won't be available for this object.
'\Effects\Factory Auro Headphone\Smal_Reflection_Room_AHP' uses the audio effect plugin 'Auro Headphone', which is not installed.
The Plug-in 'Auro Headphone' was not found for '\Effects\Factory Auro Headphone\Small_Standard_Room_AHP'. Edition and playback won't be available for this object.
'\Effects\Factory Auro Headphone\Small_Standard_Room_AHP' uses the audio effect plugin 'Auro Headphone', which is not installed.
Some new object properties have been added or obsolete properties deleted. The project file was updated. These changes will not have an impact on your project.
